// Jest Snapshot v1, https://goo.gl/fbAQLP

exports[`Testing Register component Should Render witout crashing 1`] = `
<div
  class="session-wrapper"
>
  <div
    class="session-wrapper__body"
  >
    <div
      class="session-wrapper__logo"
    >
      <svg
        height="110"
        version="1.1"
        viewBox="0 0 117 60"
        width="110"
      >
        <g
          fill="none"
          fill-rule="evenodd"
          id="Dark-Mode"
          stroke="none"
          stroke-width="1"
        >
          <g
            fill="#000000"
            fill-rule="nonzero"
            id="Register"
            transform="translate(-151.000000, -70.000000)"
          >
            <g
              id="MIT_logo"
              transform="translate(151.000000, 70.000000)"
            >
              <g
                transform="translate(7.000000, 0.000000)"
              >
                <path
                  d="M0.18,0 L0.18,59.76 M20.7,0 L20.7,40.68 M41.22,0 L41.22,59.76 M61.74,0 L61.74,11.88 M82.62,19.08 L82.62,59.76"
                  id="Shape"
                  stroke="#A31F34"
                  stroke-width="12.6"
                />
                <line
                  id="Path"
                  stroke="#8A8B8C"
                  stroke-width="12.6"
                  x1="61.74"
                  x2="61.74"
                  y1="19.08"
                  y2="59.76"
                />
                <line
                  id="Path"
                  stroke="#A31F34"
                  stroke-width="11.88"
                  x1="76.32"
                  x2="109.44"
                  y1="5.94"
                  y2="5.94"
                />
              </g>
            </g>
          </g>
        </g>
      </svg>
    </div>
    <div
      class="session-wrapper__form "
    >
      <div
        class="session-wrapper__header"
      >
        <div
          class="session-wrapper__title"
        >
          Register
        </div>
      </div>
      <div
        class="field-wrapper"
      >
        <div
          class="MuiFormControl-root MuiTextField-root MuiFormControl-fullWidth"
        >
          <label
            class="MuiFormLabel-root MuiInputLabel-root MuiInputLabel-formControl MuiInputLabel-animated Mui-required Mui-required"
            data-shrink="false"
            for="name"
            id="name-label"
          >
            Name
            <span
              aria-hidden="true"
              class="MuiFormLabel-asterisk MuiInputLabel-asterisk"
            >
               *
            </span>
          </label>
          <div
            class="MuiInputBase-root MuiInput-root MuiInput-underline MuiInputBase-fullWidth MuiInput-fullWidth MuiInputBase-formControl MuiInput-formControl"
          >
            <input
              aria-invalid="false"
              autofocus=""
              class="MuiInputBase-input MuiInput-input"
              id="name"
              name="new-name"
              required=""
              type="text"
              value=""
            />
          </div>
        </div>
      </div>
      <div
        class="field-wrapper"
      >
        <div
          class="MuiFormControl-root MuiTextField-root MuiFormControl-fullWidth"
        >
          <label
            class="MuiFormLabel-root MuiInputLabel-root MuiInputLabel-formControl MuiInputLabel-animated Mui-required Mui-required"
            data-shrink="false"
            for="email"
            id="email-label"
          >
            E-mail
            <span
              aria-hidden="true"
              class="MuiFormLabel-asterisk MuiInputLabel-asterisk"
            >
               *
            </span>
          </label>
          <div
            class="MuiInputBase-root MuiInput-root MuiInput-underline MuiInputBase-fullWidth MuiInput-fullWidth MuiInputBase-formControl MuiInput-formControl"
          >
            <input
              aria-invalid="false"
              class="MuiInputBase-input MuiInput-input"
              id="email"
              name="new-email"
              required=""
              type="email"
              value=""
            />
          </div>
        </div>
      </div>
      <div
        class="button-wrapper"
      >
        <button
          class="MuiButtonBase-root MuiButton-root MuiButton-contained button MuiButton-containedPrimary MuiButton-fullWidth"
          tabindex="0"
          type="button"
        >
          <span
            class="MuiButton-label"
          >
            <span>
              Register
            </span>
          </span>
        </button>
      </div>
      <div
        class="footer-wrapper"
      >
        <p>
          Already have an account? 
          <a
            href="/"
          >
            Log in
          </a>
          .
        </p>
      </div>
      <div
        class="footer-wrapper"
      >
        <p>
          - or -
        </p>
      </div>
      <div
        class="footer-wrapper"
      >
        <div
          class="google-login-wrapper"
        >
          <button
            disabled=""
            style="background-color:#fff;display:inline-flex;align-items:center;color:rgba(0, 0, 0, .54);box-shadow:0 2px 2px 0 rgba(0, 0, 0, .24), 0 0 1px 0 rgba(0, 0, 0, .24);padding:0;border-radius:2px;border:1px solid transparent;font-size:14px;font-weight:500;font-family:Roboto, sans-serif;opacity:0.6"
            type="button"
          >
            <div
              style="margin-right:10px;background:#fff;padding:10px;border-radius:2px"
            >
              <svg
                height="18"
                width="18"
                xmlns="http://www.w3.org/2000/svg"
              >
                <g
                  fill="#000"
                  fill-rule="evenodd"
                >
                  <path
                    d="M9 3.48c1.69 0 2.83.73 3.48 1.34l2.54-2.48C13.46.89 11.43 0 9 0 5.48 0 2.44 2.02.96 4.96l2.91 2.26C4.6 5.05 6.62 3.48 9 3.48z"
                    fill="#EA4335"
                  />
                  <path
                    d="M17.64 9.2c0-.74-.06-1.28-.19-1.84H9v3.34h4.96c-.1.83-.64 2.08-1.84 2.92l2.84 2.2c1.7-1.57 2.68-3.88 2.68-6.62z"
                    fill="#4285F4"
                  />
                  <path
                    d="M3.88 10.78A5.54 5.54 0 0 1 3.58 9c0-.62.11-1.22.29-1.78L.96 4.96A9.008 9.008 0 0 0 0 9c0 1.45.35 2.82.96 4.04l2.92-2.26z"
                    fill="#FBBC05"
                  />
                  <path
                    d="M9 18c2.43 0 4.47-.8 5.96-2.18l-2.84-2.2c-.76.53-1.78.9-3.12.9-2.38 0-4.4-1.57-5.12-3.74L.97 13.04C2.45 15.98 5.48 18 9 18z"
                    fill="#34A853"
                  />
                  <path
                    d="M0 0h18v18H0z"
                    fill="none"
                  />
                </g>
              </svg>
            </div>
            <span
              style="padding-right:10px;font-weight:500;padding-left:0;padding-top:10px;padding-bottom:10px"
            >
              Sign Up with Google
            </span>
          </button>
        </div>
      </div>
    </div>
  </div>
  <div
    class="session-wrapper__splash"
  />
</div>
`;
