// Jest Snapshot v1, https://goo.gl/fbAQLP

exports[`Testing event Details component -> Should render event details without crashing 1`] = `
<div
  class="events-wrapper scroll-style "
>
  <div>
    <button
      class="close"
      type="button"
    >
      x
    </button>
    <div
      class="event-row"
    >
      <label>
        Signal: 
      </label>
      <span>
        S-1
      </span>
    </div>
    <div
      class="event-row"
    >
      <label>
        Severity Score:
      </label>
      <span>
        0.17587530027941106
      </span>
    </div>
    <div
      class="event-row"
    >
      <label>
        From:
      </label>
      <span>
        Sun, 21 Oct 2012 00:00:00 GMT
      </span>
    </div>
    <div
      class="event-row"
    >
      <label>
        To:
      </label>
      <span>
        Tue, 27 Nov 2012 12:00:00 GMT
      </span>
      <button
        class="edit danger"
        type="button"
      >
        Modify
      </button>
    </div>
    <div
      class="event-row"
    >
      <label
        for="sevScore"
      >
        Severity Score: 
      </label>
      <input
        id="sevScore"
        maxlength="2"
        name="severity-score"
        placeholder="-"
        type="text"
        value="0.17587530027941106"
      />
      <i
        class="score-info"
      >
        i
      </i>
    </div>
    <div
      class="event-row select-holder"
    >
      <div
        class="tag-select css-2b097c-container"
      >
        <div
          class="tag-options__control css-yk16xz-control"
        >
          <div
            class="tag-options__value-container css-g1d714-ValueContainer"
          >
            <div
              class="tag-options__placeholder css-1wa3eu0-placeholder"
            >
              Select a tag
            </div>
            <div
              class="css-b8ldur-Input"
            >
              <div
                class="tag-options__input"
                style="display:inline-block"
              >
                <input
                  aria-autocomplete="list"
                  autocapitalize="none"
                  autocomplete="off"
                  autocorrect="off"
                  id="react-select-2-input"
                  spellcheck="false"
                  style="box-sizing:content-box;width:1px;label:input;background:0;border:0;font-size:inherit;opacity:1;outline:0;padding:0;color:inherit"
                  tabindex="0"
                  type="text"
                  value=""
                />
                <div
                  style="position:absolute;top:0;left:0;visibility:hidden;height:0;overflow:scroll;white-space:pre"
                />
              </div>
            </div>
          </div>
          <div
            class="tag-options__indicators css-1hb7zxy-IndicatorsContainer"
          >
            <span
              class="tag-options__indicator-separator css-1okebmr-indicatorSeparator"
            />
            <div
              aria-hidden="true"
              class="tag-options__indicator tag-options__dropdown-indicator css-tlfecz-indicatorContainer"
            >
              <svg
                aria-hidden="true"
                class="css-6q0nyr-Svg"
                focusable="false"
                height="20"
                viewBox="0 0 20 20"
                width="20"
              >
                <path
                  d="M4.516 7.548c0.436-0.446 1.043-0.481 1.576 0l3.908 3.747 3.908-3.747c0.533-0.481 1.141-0.446 1.574 0 0.436 0.445 0.408 1.197 0 1.615-0.406 0.418-4.695 4.502-4.695 4.502-0.217 0.223-0.502 0.335-0.787 0.335s-0.57-0.112-0.789-0.335c0 0-4.287-4.084-4.695-4.502s-0.436-1.17 0-1.615z"
                />
              </svg>
            </div>
          </div>
        </div>
      </div>
    </div>
    <div
      class="event-row form-group"
    >
      <ul
        class="form-intro"
      >
        <li>
          <label
            for="comment"
          >
            Comment
          </label>
        </li>
        <li />
      </ul>
      <div
        class="comment-area"
      >
        <div
          class="comment-wrapper scroll-style"
        >
          <div
            class="loading"
          >
            <div
              class="loader-overlay"
            >
              <svg
                aria-hidden="true"
                class="svg-inline--fa fa-sync fa-w-16 fa-spin"
                data-icon="sync"
                data-prefix="fas"
                focusable="false"
                role="img"
                viewBox="0 0 512 512"
                xmlns="http://www.w3.org/2000/svg"
              >
                <path
                  d="M440.65 12.57l4 82.77A247.16 247.16 0 0 0 255.83 8C134.73 8 33.91 94.92 12.29 209.82A12 12 0 0 0 24.09 224h49.05a12 12 0 0 0 11.67-9.26 175.91 175.91 0 0 1 317-56.94l-101.46-4.86a12 12 0 0 0-12.57 12v47.41a12 12 0 0 0 12 12H500a12 12 0 0 0 12-12V12a12 12 0 0 0-12-12h-47.37a12 12 0 0 0-11.98 12.57zM255.83 432a175.61 175.61 0 0 1-146-77.8l101.8 4.87a12 12 0 0 0 12.57-12v-47.4a12 12 0 0 0-12-12H12a12 12 0 0 0-12 12V500a12 12 0 0 0 12 12h47.35a12 12 0 0 0 12-12.6l-4.15-82.57A247.17 247.17 0 0 0 255.83 504c121.11 0 221.93-86.92 243.55-201.82a12 12 0 0 0-11.8-14.18h-49.05a12 12 0 0 0-11.67 9.26A175.86 175.86 0 0 1 255.83 432z"
                  fill="currentColor"
                />
              </svg>
            </div>
          </div>
        </div>
        <textarea
          id="comment"
          placeholder="Enter your comment..."
        />
      </div>
    </div>
    <div
      class="event-row"
    >
      <ul
        class="btn-wrapper"
      >
        <li>
          <button
            class="danger"
            type="button"
          >
            Delete
          </button>
        </li>
        <li>
          <button
            type="button"
          >
            Save
          </button>
        </li>
        <li>
          <p
            class="error"
          >
            <svg
              aria-hidden="true"
              class="svg-inline--fa fa-exclamation fa-w-6 "
              data-icon="exclamation"
              data-prefix="fas"
              focusable="false"
              role="img"
              viewBox="0 0 192 512"
              xmlns="http://www.w3.org/2000/svg"
            >
              <path
                d="M176 432c0 44.112-35.888 80-80 80s-80-35.888-80-80 35.888-80 80-80 80 35.888 80 80zM25.26 25.199l13.6 272C39.499 309.972 50.041 320 62.83 320h66.34c12.789 0 23.331-10.028 23.97-22.801l13.6-272C167.425 11.49 156.496 0 142.77 0H49.23C35.504 0 24.575 11.49 25.26 25.199z"
                fill="currentColor"
              />
            </svg>
            Event update error
          </p>
        </li>
      </ul>
    </div>
  </div>
</div>
`;
