// Jest Snapshot v1, https://goo.gl/fbAQLP

exports[`Testing the matrix component Should render matrix component without crashing 1`] = `
<div
  class="matrix"
  data-eid="5da7cc6376e3e19307d0db64"
>
  <svg
    class="matrix-svg"
    height="0"
    width="0"
  >
    <g
      transform="translate(2, 10)"
    >
      <g
        transform="translate(60, 60)"
      >
        <g>
          <rect
            class="bar"
            fill="#FF9100"
            height="13"
            width="0"
            x="-3"
            y="2"
          >
            <title>
              Investigate: 0
            </title>
          </rect>
        </g>
        <g>
          <rect
            class="bar"
            fill="#4684FF"
            height="13"
            width="0"
            x="-3"
            y="16"
          >
            <title>
              Do not Investigate: 0
            </title>
          </rect>
        </g>
        <g>
          <rect
            class="bar"
            fill="#8446C2"
            height="13"
            width="0"
            x="-3"
            y="30"
          >
            <title>
              Postpone: 0
            </title>
          </rect>
        </g>
        <g>
          <rect
            class="bar"
            fill="#C24D4D"
            height="13"
            width="0"
            x="-3"
            y="44"
          >
            <title>
              Problem: 0
            </title>
          </rect>
        </g>
        <g>
          <rect
            class="bar"
            fill="#F2FF00"
            height="13"
            width="0"
            x="-3"
            y="58"
          >
            <title>
              Previously seen: 0
            </title>
          </rect>
        </g>
        <g>
          <rect
            class="bar"
            fill="#6BC969"
            height="13"
            width="0"
            x="-3"
            y="72"
          >
            <title>
              Normal: 0
            </title>
          </rect>
        </g>
        <g>
          <rect
            class="bar"
            fill="#D5D5D5"
            height="13"
            width="23.4375"
            x="-26.4375"
            y="86"
          >
            <title>
              untagged: 30
            </title>
          </rect>
          <path
            class="bar-hat"
            d="M-25.4375,86L-26.604166666666668,86C-27.770833333333332,86,-30.104166666666668,86,-31.270833333333332,88.16666666666667C-32.4375,90.33333333333333,-32.4375,94.66666666666667,-31.270833333333332,96.83333333333333C-30.104166666666668,99,-27.770833333333332,99,-26.604166666666668,99L-25.4375,99"
            fill="#D5D5D5"
          />
        </g>
        <line
          class="sep-line"
          x1="0"
          x2="0"
          y1="0"
          y2="100"
        />
      </g>
      <g
        transform="translate(60, 60)"
      >
        <rect
          class="cell"
          fill="rgb(153, 154, 156)"
          height="17.704918032786882"
          width="17.704918032786882"
          x="1.9672131147541023"
          y="0"
        >
          <title>
            Signal: T-1
Events: 1
          </title>
        </rect>
      </g>
      <g>
        <g
          transform="translate(60, 60)"
        >
          <line
            class="sep-line"
            x1="0"
            x2="120"
            y1="-14"
            y2="-14"
          />
          <g
            transform="translate(4, -8)"
          >
            <path
              d="M0,-5.2642960518099695L4.559014113909555,2.6321480259049848L-4.559014113909555,2.6321480259049848Z"
              fill="#616365"
            />
          </g>
          <g
            transform="translate(114, -8)"
          >
            <path
              d="M0,-5.2642960518099695L4.559014113909555,2.6321480259049848L-4.559014113909555,2.6321480259049848Z"
              fill="#616365"
            />
          </g>
        </g>
        <g>
          <g
            transform="translate(60, 44)"
          >
            <path
              class="area"
              d="M0,0C0,0,3,-44,6,-44C9,-44,14,-7.333333333333333,18,0C22,7.333333333333333,26,0,30,0C34,0,38,0,42,0C46,0,50,0,54,0C58,0,62,0,66,0C70,0,74,0,78,0C82,0,86,0,90,0C94,0,98,0,102,0C106,0,111,0,114,0C117,0,120,0,120,0L120,0C120,0,117,0,114,0C111,0,106,0,102,0C98,0,94,0,90,0C86,0,82,0,78,0C74,0,70,0,66,0C62,0,58,0,54,0C50,0,46,0,42,0C38,0,34,0,30,0C26,0,22,0,18,0C14,0,9,0,6,0C3,0,0,0,0,0Z"
            />
            <text
              class="axis-text"
              text-anchor="text-anchor"
              transform="translate(-10, 12)"
            >
              0
            </text>
            <text
              class="axis-text"
              text-anchor="text-anchor"
              transform="translate(100, 12)"
            >
              2
            </text>
          </g>
        </g>
      </g>
    </g>
  </svg>
</div>
`;
